// Jest Snapshot v1, https://goo.gl/fbAQLP

exports[`<KubernetesManifests /> tests snapshot test for kubernetes manifests 1`] = `
<div>
  <div
    class="nopadLeft accordionSummary"
    id="Stage.stage-0.Service.Manifests"
  >
    <div
      class="subheading"
    >
      pipelineSteps.deploy.serviceSpecifications.deploymentTypes.manifests
    </div>
  </div>
</div>
`;
